
> rest-express@1.0.0 build
> tsx script/build.ts


========================================
  DarkWave Chain Portal - Release
========================================

[Release] Current version: 1.2.45
[Release] Version bumped to 1.2.46
[Release] Release hash: 9e1d58f126a35da7...
[Release] Ready for chain stamping on first request

building client...
[36mvite v7.1.12 [32mbuilding for production...[36m[39m
transforming...
[32mΓ£ô[39m 15 modules transformed.
Γ£ù Build failed in 4.04s
[vite:load-fallback] Could not load D:\trust-layer\client\src/pages/chronochat (imported by client/src/App.tsx): ENOENT: no such file or directory, open 'D:\trust-layer\client\src\pages\chronochat'
    at async open (node:internal/fs/promises:642:25)
    at async Object.readFile (node:internal/fs/promises:1279:14)
    at async Object.handler (D:\trust-layer\node_modules\vite\dist\node\chunks\config.js:33504:21)
    at async PluginDriver.hookFirstAndGetPlugin (D:\trust-layer\node_modules\rollup\dist\es\shared\node-entry.js:22308:28)
    at async <anonymous> (D:\trust-layer\node_modules\rollup\dist\es\shared\node-entry.js:21308:33)
    at async Queue.work (D:\trust-layer\node_modules\rollup\dist\es\shared\node-entry.js:22536:32) {
  errno: -4058,
  code: 'PLUGIN_ERROR',
  syscall: 'open',
  path: 'D:\\trust-layer\\client\\src\\pages\\chronochat',
  pluginCode: 'ENOENT',
  plugin: 'vite:load-fallback',
  hook: 'load',
  watchFiles: [
    'D:/trust-layer/client/index.html',
    'D:/trust-layer/client/src/main.tsx',
    'D:\\trust-layer\\package.json',
    'D:/trust-layer/node_modules/react-dom/client.js',
    'D:/trust-layer/node_modules/react/jsx-runtime.js',
    'D:/trust-layer/client/src/App.tsx',
    'D:/trust-layer/client/src/index.css',
    'D:\\trust-layer\\node_modules\\tailwindcss\\index.css',
    'D:\\trust-layer\\node_modules\\tw-animate-css\\dist\\tw-animate.css',
    'D:\\trust-layer\\client\\index.html',
    'D:\\trust-layer\\client\\public\\academy-sw.js',
    'D:\\trust-layer\\client\\public\\dw-sso-node.js',
    'D:\\trust-layer\\client\\public\\dw-sso.js',
    'D:\\trust-layer\\client\\public\\ecosystem-directory.js',
    'D:\\trust-layer\\client\\public\\ecosystem-shared-loader.js',
    'D:\\trust-layer\\client\\public\\ecosystem-widget.js',
    'D:\\trust-layer\\client\\public\\guardian-scanner-sw.js',
    'D:\\trust-layer\\client\\public\\guardian-screener-sw.js',
    'D:\\trust-layer\\client\\public\\manifest-academy.webmanifest',
    'D:\\trust-layer\\client\\public\\manifest-chrono.webmanifest',
    'D:\\trust-layer\\client\\public\\manifest-chronochat.webmanifest',
    'D:\\trust-layer\\client\\public\\manifest-dwsc.webmanifest',
    'D:\\trust-layer\\client\\public\\manifest-games.webmanifest',
    'D:\\trust-layer\\client\\public\\manifest-guardian-screener.webmanifest',
    'D:\\trust-layer\\client\\public\\manifest-guardian.webmanifest',
    'D:\\trust-layer\\client\\public\\manifest-signal-chat.webmanifest',
    'D:\\trust-layer\\client\\public\\manifest-studios.webmanifest',
    'D:\\trust-layer\\client\\public\\manifest-trustbook.webmanifest',
    'D:\\trust-layer\\client\\public\\manifest-trustshield.webmanifest',
    'D:\\trust-layer\\client\\public\\manifest-veil.webmanifest',
    'D:\\trust-layer\\client\\public\\manifest.webmanifest',
    'D:\\trust-layer\\client\\public\\signal-chat-manifest.json',
    'D:\\trust-layer\\client\\public\\sw.js',
    'D:\\trust-layer\\client\\public\\through-the-veil-BACKUP-ORIGINAL.md',
    'D:\\trust-layer\\client\\public\\through-the-veil.md',
    'D:\\trust-layer\\client\\src\\App.tsx',
    'D:\\trust-layer\\client\\src\\components\\achievements.tsx',
    'D:\\trust-layer\\client\\src\\components\\ai-assistant.tsx',
    'D:\\trust-layer\\client\\src\\components\\airdrop-dashboard.tsx',
    'D:\\trust-layer\\client\\src\\components\\audio-player.tsx',
    'D:\\trust-layer\\client\\src\\components\\auth-login.tsx',
    'D:\\trust-layer\\client\\src\\components\\bridge\\bridge-interface.tsx',
    'D:\\trust-layer\\client\\src\\components\\bridge\\BridgeHistory.tsx',
    'D:\\trust-layer\\client\\src\\components\\bridge\\BridgeInterface.tsx',
    'D:\\trust-layer\\client\\src\\components\\buy-crypto-modal.tsx',
    'D:\\trust-layer\\client\\src\\components\\chat\\ChannelList.tsx',
    'D:\\trust-layer\\client\\src\\components\\chat\\ChatContainer.tsx',
    'D:\\trust-layer\\client\\src\\components\\chat\\CommunityList.tsx',
    'D:\\trust-layer\\client\\src\\components\\chat\\CreateChannelModal.tsx',
    'D:\\trust-layer\\client\\src\\components\\chat\\CreateCommunityModal.tsx',
    'D:\\trust-layer\\client\\src\\components\\chat\\FilePreview.tsx',
    'D:\\trust-layer\\client\\src\\components\\chat\\FileUploadZone.tsx',
    'D:\\trust-layer\\client\\src\\components\\chat\\InviteModal.tsx',
    'D:\\trust-layer\\client\\src\\components\\chat\\MemberList.tsx',
    'D:\\trust-layer\\client\\src\\components\\chat\\MemberProfile.tsx',
    'D:\\trust-layer\\client\\src\\components\\chat\\MessageActions.tsx',
    'D:\\trust-layer\\client\\src\\components\\chat\\MessageItem.tsx',
    'D:\\trust-layer\\client\\src\\components\\chat\\NotificationSettings.tsx',
    'D:\\trust-layer\\client\\src\\components\\chat\\PresenceIndicator.tsx',
    'D:\\trust-layer\\client\\src\\components\\chat\\ReactionPicker.tsx',
    'D:\\trust-layer\\client\\src\\components\\chat\\ReplyThread.tsx',
    'D:\\trust-layer\\client\\src\\components\\chat\\RoleManager.tsx',
    'D:\\trust-layer\\client\\src\\components\\chat\\TypingIndicator.tsx',
    'D:\\trust-layer\\client\\src\\components\\code-block.tsx',
    'D:\\trust-layer\\client\\src\\components\\contextual-help.tsx',
    'D:\\trust-layer\\client\\src\\components\\dex\\LiquidityPanel.tsx',
    'D:\\trust-layer\\client\\src\\components\\dex\\PriceChart.tsx',
    'D:\\trust-layer\\client\\src\\components\\dex\\SwapInterface.tsx',
    'D:\\trust-layer\\client\\src\\components\\dex-swap-widget.tsx',
    'D:\\trust-layer\\client\\src\\components\\dwc-bag-dashboard.tsx',
    'D:\\trust-layer\\client\\src\\components\\dyor-disclaimer.tsx',
    'D:\\trust-layer\\client\\src\\components\\ecosystem-directory.tsx',
    'D:\\trust-layer\\client\\src\\components\\favorite-button.tsx',
    'D:\\trust-layer\\client\\src\\components\\favorites-watchlist.tsx',
    'D:\\trust-layer\\client\\src\\components\\feature-badge.tsx',
    'D:\\trust-layer\\client\\src\\components\\first-login-modal.tsx',
    'D:\\trust-layer\\client\\src\\components\\floating-chat.tsx',
    'D:\\trust-layer\\client\\src\\components\\footer.tsx',
    'D:\\trust-layer\\client\\src\\components\\founders-badge.tsx',
    'D:\\trust-layer\\client\\src\\components\\games-coming-soon-modal.tsx',
    'D:\\trust-layer\\client\\src\\components\\games-nav.tsx',
    'D:\\trust-layer\\client\\src\\components\\genesis-hallmark-badge.tsx',
    'D:\\trust-layer\\client\\src\\components\\genesis-hallmark.tsx',
    'D:\\trust-layer\\client\\src\\components\\global-search.tsx',
    'D:\\trust-layer\\client\\src\\components\\guardian\\CertificationBadge.tsx',
    'D:\\trust-layer\\client\\src\\components\\guardian-swap-modal.tsx',
    'D:\\trust-layer\\client\\src\\components\\header-tools.tsx',
    'D:\\trust-layer\\client\\src\\components\\info-button.tsx',
    'D:\\trust-layer\\client\\src\\components\\info-tooltip.tsx',
    'D:\\trust-layer\\client\\src\\components\\keyboard-shortcuts.tsx',
    'D:\\trust-layer\\client\\src\\components\\limit-orders.tsx',
    'D:\\trust-layer\\client\\src\\components\\loading-skeleton.tsx',
    'D:\\trust-layer\\client\\src\\components\\member-badge.tsx',
    'D:\\trust-layer\\client\\src\\components\\mobile-nav.tsx',
    'D:\\trust-layer\\client\\src\\components\\monaco-editor.tsx',
    'D:\\trust-layer\\client\\src\\components\\nft\\NFTCard.tsx',
    'D:\\trust-layer\\client\\src\\components\\nft\\NFTGallery.tsx',
    'D:\\trust-layer\\client\\src\\components\\nft\\NFTMintForm.tsx',
    'D:\\trust-layer\\client\\src\\components\\notification-preferences.tsx',
    'D:\\trust-layer\\client\\src\\components\\notifications.tsx',
    ... 550 more items
  ]
}
